Vercel CLI 58.4.0 (Node.js 26.4.0)
Retrieving project…
Deploying hermessd/trackingduit
Uploading [--------------------] (0.0B/89B)
Uploading [====================] (89.0B/89B)
  Inspect         https://vercel.com/hermessd/trackingduit/A8ecAvJR3h5AKZhrUSn1LE2XBxF1
  Production      https://trackingduit-ln63dss1x-hermessd.vercel.app
https://trackingduit-ln63dss1x-hermessd.vercel.appBuilding…
Building…
Running build in Washington, D.C., USA (East) – iad1
Build machine configuration: 2 cores, 8 GB
Retrieving list of deployment files...
Downloading 85 deployment files...
Restored build cache from previous deployment (5ixJFFwks7o1pCth6yP1HLPLaKrH)
Running "vercel build"
Vercel CLI 58.1.0
Detected `pnpm-lock.yaml` 9 which may be generated by pnpm@9.x or pnpm@10.x
Using pnpm@10.x based on project creation date
To use pnpm@9.x, manually opt in using corepack (https://vercel.com/docs/deployments/configure-a-build#corepack)
Installing dependencies...
Lockfile is up to date, resolution step is skipped
Already up to date
Done in 1.2s using pnpm v10.28.0
Detected Next.js version: 16.2.11
Running "pnpm run build"
> trakingduit@0.1.0 build /vercel/path0
> next build
Applying modifyConfig from Vercel
▲ Next.js 16.2.11 (Turbopack)
Creating an optimized production build ...
✓ Compiled successfully in 41s
Running TypeScript ...
Failed to type check.
./src/app/(app)/bills/page.tsx:401:26
Type error: Cannot find name 'salaryOpen'.
399 |         </label>
400 |       </div>
> 401 |       <SalarySheet open={salaryOpen} onClose={() => setSalaryOpen(false)} month={month} i...
|                          ^
402 |     </Sheet>
403 |   );
404 | }
Next.js build worker exited with code: 1 and signal: null
ELIFECYCLE  Command failed with exit code 1.
Error: Command "pnpm run build" exited with 1
Error: Command "pnpm run build" exited with 1
